// Jest Snapshot v1, https://goo.gl/fbAQLP

exports[`Button Component should match snapshot 1`] = `
<DocumentFragment>
  <div>
    <button
      class="Button"
      data-testid="button"
      disabled=""
    />
  </div>
</DocumentFragment>
`;
